TECTON 0 1 1 0 0
TECTON 2 1 -1 0 1
MUSHROOMBODY 1 2 0 NORMAL 0