TECTON 0 0 5 1 3
MUSHROOMTHREAD 4 5 0 0 UNCUT GROWN
MUSHROOMBODY 5 3 0 NORMAL 0