TECTON 0 2 1 0
TECTON 1 -1 1 0
MUSHROOMTHREAD 3 2 0 1 UNCUT GROWN
MUSHROOMTHREAD 4 2 1 1 UNCUT SPROUT