MUSHROOMTHREAD 2 -1 0 0 CUT SPROUT
MUSHROOMTHREAD 3 -1 1 0 CUT SPROUT