TECTON 0 1 -1 1 0
TECTON 1 1 -1 1 0
INSECT 4 0 1 1 0