TECTON 1 2 1 1 1
TECTON 2 2 -1 1 0
TECTON 8 2 -1 0 0