MUSHROOMTHREAD 1 4 0 UNCUT SPROUT
MUSHROOMBODY 4 5 0 NORMAL 0