# SAVE output.txt hatására
# az output.txt-nek tartalmaznia kell az alábbi sorokat:

ERROR THE INSECT CANT CUT THREADS
ERROR NO SUCH OBJECT
ERROR NO SUCH OBJECT
ERROR NO CONNECTION BETWEEN TECTONS
