TECTON 0 1 1 0 1
TECTON 2 1 -1 0 1
MUSHROOMBODY 1 0 4 0 NORMAL 0