TECTON 0 0 5 1 3
MUSHROOMTHREAD 4 0 0 0 UNCUT GROWN
MUSHROOMBODY 5 0 5 0 NORMAL 0