TECTON 0 1 2 1 0
TECTON 1 1 -1 1 0
MUSHROOMTHREAD 3 0 0 1 UNCUT SPROUT
MUSHROOMTHREAD 4 0 1 1 UNCUT SPROUT