MUSHROOMTHREAD 2 0 0 1 CUT SPROUT
MUSHROOMTHREAD 3 0 1 1 UNCUT SPROUT