MUSHROOMTHREAD 3 2 0 0 CUT GROWN
MUSHROOMTHREAD 4 -1 1 0 CUT GROWN