TECTON 0 2 4 1 0
TECTON 1 2 -1 1 0
TECTON 2 1 -1 1 0
THREADKILLINGTECTON 3 1 -1 1 0
MUSHROOMTHREAD 5 4 1 UNCUT GROWN
MUSHROOMTHREAD 7 -1 2 UNCUT GROWN
MUSHROOMTHREAD 9 -1 1 UNCUT GROWN
INSECT 6 1 1 1 0