TECTON 0 2 -1 1 0
TECTON 1 2 2 1 1
TECTON 7 1 -1 0 0