TECTON 0 0 7 1 3
MUSHROOMTHREAD 1 0 0 0 UNCUT SPROUT
MUSHROOMBODY 7 0 5 0 NORMAL 0